src/components/ProductCatalog.tsx(1,8): error TS1259: Module '"C:/Users/Mario/Desktop/EcomovingWeb/node_modules/@types/react/index"' can only be default-imported using the 'esModuleInterop' flag
src/components/ProductCatalog.tsx(67,50): error TS2732: Cannot find module '../data/catalog.json'. Consider using '--resolveJsonModule' to import module with '.json' extension.
src/components/ProductCatalog.tsx(72,46): error TS2732: Cannot find module '../data/catalog.json'. Consider using '--resolveJsonModule' to import module with '.json' extension.
src/components/ProductCatalog.tsx(657,20): error TS2322: Type '{ children: string; jsx: true; }' is not assignable to type 'DetailedHTMLProps<StyleHTMLAttributes<HTMLStyleElement>, HTMLStyleElement>'.
  Property 'jsx' does not exist on type 'DetailedHTMLProps<StyleHTMLAttributes<HTMLStyleElement>, HTMLStyleElement>'.
